[htmldemo.hasthemes.com/looki/looki/index.html]
[backblue.gif]
[fade.gif]
[index.html]
[htmldemo.hasthemes.com/looki/looki/assets/img/favicon.ico]
[htmldemo.hasthemes.com/looki/looki/assets/css/ionicons.min.css]
[htmldemo.hasthemes.com/looki/looki/assets/css/fontawesome.min.css]
[htmldemo.hasthemes.com/looki/looki/assets/css/simple-line-icons.css]
[htmldemo.hasthemes.com/looki/looki/assets/css/plugins/jquery-ui.min.css]
[htmldemo.hasthemes.com/looki/looki/assets/css/plugins/plugins.css]
[htmldemo.hasthemes.com/looki/looki/assets/css/bootstrap.min.css]
[htmldemo.hasthemes.com/looki/looki/wishlist.html]
[htmldemo.hasthemes.com/looki/looki/assets/css/style.min.css]
[htmldemo.hasthemes.com/looki/looki/compare.html]
[htmldemo.hasthemes.com/looki/looki/index-2.html]
[htmldemo.hasthemes.com/looki/looki/shop-grid-3-column.html]
[htmldemo.hasthemes.com/looki/looki/shop-grid-4-column.html]
[htmldemo.hasthemes.com/looki/looki/shop-grid-left-sidebar.html]
[htmldemo.hasthemes.com/looki/looki/shop-grid-right-sidebar.html]
[htmldemo.hasthemes.com/looki/looki/shop-grid-list.html]
[htmldemo.hasthemes.com/looki/looki/shop-grid-list-left-sidebar.html]
[htmldemo.hasthemes.com/looki/looki/shop-grid-list-right-sidebar.html]
[htmldemo.hasthemes.com/looki/looki/single-product.html]
[htmldemo.hasthemes.com/looki/looki/single-product-configurable.html]
[htmldemo.hasthemes.com/looki/looki/single-product-affiliate.html]
[htmldemo.hasthemes.com/looki/looki/single-product-group.html]
[htmldemo.hasthemes.com/looki/looki/about-us.html]
[htmldemo.hasthemes.com/looki/looki/cart.html]
[htmldemo.hasthemes.com/looki/looki/checkout.html]
[htmldemo.hasthemes.com/looki/looki/login.html]
[htmldemo.hasthemes.com/looki/looki/myaccount.html]
[htmldemo.hasthemes.com/looki/looki/blog-grid-3-column.html]
[htmldemo.hasthemes.com/looki/looki/blog-grid-4-column.html]
[htmldemo.hasthemes.com/looki/looki/blog-grid-left-sidebar.html]
[htmldemo.hasthemes.com/looki/looki/blog-grid-right-sidebar.html]
[htmldemo.hasthemes.com/looki/looki/blog-list-left-sidebar.html]
[htmldemo.hasthemes.com/looki/looki/blog-list-right-sidebar.html]
[htmldemo.hasthemes.com/looki/looki/single-blog.html]
[htmldemo.hasthemes.com/looki/looki/blog-single-left-sidebar.html]
[htmldemo.hasthemes.com/looki/looki/blog-single-right-sidebar.html]
[htmldemo.hasthemes.com/looki/looki/contact.html]
[htmldemo.hasthemes.com/looki/looki/assets/img/mini-cart/4.png]
[htmldemo.hasthemes.com/looki/looki/assets/img/mini-cart/5.png]
[htmldemo.hasthemes.com/looki/looki/assets/img/mini-cart/6.png]
[htmldemo.hasthemes.com/looki/looki/assets/img/mini-cart/1.png]
[htmldemo.hasthemes.com/looki/looki/assets/img/mini-cart/2.png]
[htmldemo.hasthemes.com/looki/looki/assets/img/mini-cart/3.png]
[htmldemo.hasthemes.com/looki/looki/assets/img/logo/us-flag.jpg]
[htmldemo.hasthemes.com/looki/looki/assets/img/logo/france.jpg]
[htmldemo.hasthemes.com/looki/looki/assets/img/logo/logo.png]
[htmldemo.hasthemes.com/looki/looki/assets/img/mega-menu/1.jpg]
[htmldemo.hasthemes.com/looki/looki/assets/img/mega-menu/2.jpg]
[htmldemo.hasthemes.com/looki/looki/assets/img/icon/2.png]
[htmldemo.hasthemes.com/looki/looki/assets/img/icon/3.png]
[htmldemo.hasthemes.com/looki/looki/assets/img/icon/4.png]
[htmldemo.hasthemes.com/looki/looki/assets/img/icon/5.png]
[htmldemo.hasthemes.com/looki/looki/assets/img/banner/1.jpg]
[htmldemo.hasthemes.com/looki/looki/assets/img/banner/2.jpg]
[htmldemo.hasthemes.com/looki/looki/assets/img/banner/3.jpg]
[htmldemo.hasthemes.com/looki/looki/assets/img/product/1.png]
[htmldemo.hasthemes.com/looki/looki/assets/img/product/2.png]
[htmldemo.hasthemes.com/looki/looki/assets/img/product/3.png]
[htmldemo.hasthemes.com/looki/looki/assets/img/product/4.png]
[htmldemo.hasthemes.com/looki/looki/assets/img/product/5.png]
[htmldemo.hasthemes.com/looki/looki/assets/img/product/6.png]
[htmldemo.hasthemes.com/looki/looki/assets/img/banner/5.jpg]
[htmldemo.hasthemes.com/looki/looki/assets/img/banner/6.jpg]
[htmldemo.hasthemes.com/looki/looki/assets/img/banner/4.jpg]
[htmldemo.hasthemes.com/looki/looki/assets/img/product/8.png]
[htmldemo.hasthemes.com/looki/looki/assets/img/product/9.png]
[htmldemo.hasthemes.com/looki/looki/assets/img/product/10.png]
[htmldemo.hasthemes.com/looki/looki/assets/img/product/11.png]
[htmldemo.hasthemes.com/looki/looki/assets/img/product/12.png]
[htmldemo.hasthemes.com/looki/looki/assets/img/product/13.png]
[htmldemo.hasthemes.com/looki/looki/assets/img/blog-post/1.png]
[htmldemo.hasthemes.com/looki/looki/assets/img/blog-post/2.png]
[htmldemo.hasthemes.com/looki/looki/assets/img/blog-post/3.png]
[htmldemo.hasthemes.com/looki/looki/assets/img/blog-post/4.png]
[htmldemo.hasthemes.com/looki/looki/assets/img/blog-post/5.png]
[htmldemo.hasthemes.com/looki/looki/assets/img/brand/1.jpg]
[htmldemo.hasthemes.com/looki/looki/assets/img/brand/2.jpg]
[htmldemo.hasthemes.com/looki/looki/assets/img/brand/3.jpg]
[htmldemo.hasthemes.com/looki/looki/assets/img/brand/4.jpg]
[htmldemo.hasthemes.com/looki/looki/assets/img/brand/5.jpg]
[htmldemo.hasthemes.com/looki/looki/assets/img/payment/1.png]
[htmldemo.hasthemes.com/looki/looki/assets/img/slider/thumb/1.jpg]
[htmldemo.hasthemes.com/looki/looki/assets/img/slider/thumb/2.jpg]
[htmldemo.hasthemes.com/looki/looki/assets/img/slider/thumb/3.jpg]
[htmldemo.hasthemes.com/looki/looki/assets/img/slider/thumb/4.jpg]
[htmldemo.hasthemes.com/looki/looki/assets/img/slider/thumb/1.1.jpg]
[htmldemo.hasthemes.com/looki/looki/assets/img/slider/thumb/2.1.jpg]
[htmldemo.hasthemes.com/looki/looki/assets/img/slider/thumb/3.1.jpg]
[htmldemo.hasthemes.com/looki/looki/assets/img/slider/thumb/4.1.jpg]
[htmldemo.hasthemes.com/looki/looki/assets/img/modal/1.jpg]
[htmldemo.hasthemes.com/looki/looki/assets/js/vendor/modernizr-3.7.1.min.js]
[htmldemo.hasthemes.com/looki/looki/assets/js/vendor/jquery-3.5.1.min.js]
[htmldemo.hasthemes.com/looki/looki/assets/js/popper.min.js]
[htmldemo.hasthemes.com/looki/looki/assets/js/bootstrap.min.js]
[htmldemo.hasthemes.com/looki/looki/assets/js/plugins/plugins.js]
[htmldemo.hasthemes.com/looki/looki/assets/js/plugins/jquery-ui.min.js]
[htmldemo.hasthemes.com/looki/looki/assets/js/plugins/ajax-contact.js]
[htmldemo.hasthemes.com/looki/looki/index.html]
[htmldemo.hasthemes.com/looki/looki/assets/js/main.js]
[htmldemo.hasthemes.com/looki/looki/assets/fonts/fa-brands-400.eot]
[htmldemo.hasthemes.com/looki/looki/assets/fonts/fa-brands-400d41d.eot]
[htmldemo.hasthemes.com/looki/looki/assets/fonts/fa-brands-400.woff2]
[htmldemo.hasthemes.com/looki/looki/assets/fonts/fa-brands-400.ttf]
[htmldemo.hasthemes.com/looki/looki/assets/fonts/fa-brands-400.woff]
[htmldemo.hasthemes.com/looki/looki/assets/fonts/fa-regular-400d41d.eot]
[htmldemo.hasthemes.com/looki/looki/assets/fonts/fa-regular-400.eot]
[htmldemo.hasthemes.com/looki/looki/assets/fonts/fa-regular-400.woff2]
[htmldemo.hasthemes.com/looki/looki/assets/fonts/fa-regular-400.woff]
[htmldemo.hasthemes.com/looki/looki/assets/fonts/fa-regular-400.ttf]
[htmldemo.hasthemes.com/looki/looki/assets/fonts/fa-brands-400.svg]
[htmldemo.hasthemes.com/looki/looki/assets/fonts/fa-regular-400.svg]
[htmldemo.hasthemes.com/looki/looki/assets/fonts/fa-solid-900.woff2]
[htmldemo.hasthemes.com/looki/looki/assets/fonts/fa-solid-900.eot]
[htmldemo.hasthemes.com/looki/looki/assets/fonts/fa-solid-900d41d.eot]
[htmldemo.hasthemes.com/looki/looki/assets/fonts/fa-solid-900.ttf]
[htmldemo.hasthemes.com/looki/looki/assets/fonts/fa-solid-900.woff]
[htmldemo.hasthemes.com/looki/looki/assets/css/fontawesome.min.css]
[htmldemo.hasthemes.com/looki/looki/assets/fonts/ionicons28b5.ttf]
[htmldemo.hasthemes.com/looki/looki/assets/fonts/ionicons28b5.eot]
[htmldemo.hasthemes.com/looki/looki/assets/fonts/ionicons28b5.woff]
[htmldemo.hasthemes.com/looki/looki/assets/css/ionicons.min.css]
[htmldemo.hasthemes.com/looki/looki/assets/fonts/Simple-Line-Iconsb26c.eot]
[htmldemo.hasthemes.com/looki/looki/assets/fonts/fa-solid-900.svg]
[htmldemo.hasthemes.com/looki/looki/assets/fonts/Simple-Line-Iconsb26c.woff2]
[htmldemo.hasthemes.com/looki/looki/assets/fonts/ionicons28b5.svg]
[htmldemo.hasthemes.com/looki/looki/assets/fonts/Simple-Line-Iconsb26c.ttf]
[htmldemo.hasthemes.com/looki/looki/assets/fonts/Simple-Line-Iconsb26c.woff]
[htmldemo.hasthemes.com/looki/looki/assets/css/simple-line-icons.css]
[htmldemo.hasthemes.com/looki/looki/assets/css/plugins/images/ui-icons_444444_256x240.png]
[htmldemo.hasthemes.com/looki/looki/assets/css/plugins/images/ui-icons_555555_256x240.png]
[htmldemo.hasthemes.com/looki/looki/assets/css/plugins/images/ui-icons_ffffff_256x240.png]
[htmldemo.hasthemes.com/looki/looki/assets/fonts/Simple-Line-Iconsb26c.svg]
[htmldemo.hasthemes.com/looki/looki/assets/css/plugins/images/ui-icons_777620_256x240.png]
[htmldemo.hasthemes.com/looki/looki/assets/css/plugins/images/ui-icons_cc0000_256x240.png]
[htmldemo.hasthemes.com/looki/looki/assets/css/plugins/images/ui-icons_777777_256x240.png]
[htmldemo.hasthemes.com/looki/looki/assets/css/plugins/jquery-ui.min.css]
[htmldemo.hasthemes.com/looki/looki/assets/css/bootstrap.min.css]
[htmldemo.hasthemes.com/looki/looki/assets/css/plugins/plugins.css]
[htmldemo.hasthemes.com/looki/looki/assets/img/slider/slide1.jpg]
[htmldemo.hasthemes.com/looki/looki/assets/img/slider/slide2.jpg]
[htmldemo.hasthemes.com/looki/looki/assets/img/slider/slide3.jpg]
[htmldemo.hasthemes.com/looki/looki/assets/css/style.min.css]
[htmldemo.hasthemes.com/looki/looki/wishlist.html]
[htmldemo.hasthemes.com/looki/looki/compare.html]
[htmldemo.hasthemes.com/looki/looki/assets/img/popular/5.png]
[htmldemo.hasthemes.com/looki/looki/assets/img/popular/1.png]
[htmldemo.hasthemes.com/looki/looki/assets/img/popular/2.png]
[htmldemo.hasthemes.com/looki/looki/assets/img/popular/3.png]
[htmldemo.hasthemes.com/looki/looki/assets/img/popular/4.png]
[htmldemo.hasthemes.com/looki/looki/assets/img/product/7.png]
[htmldemo.hasthemes.com/looki/looki/index-2.html]
[htmldemo.hasthemes.com/looki/looki/shop-grid-3-column.html]
[htmldemo.hasthemes.com/looki/looki/shop-grid-4-column.html]
[htmldemo.hasthemes.com/looki/looki/shop-grid-left-sidebar.html]
[htmldemo.hasthemes.com/looki/looki/shop-grid-right-sidebar.html]
[htmldemo.hasthemes.com/looki/looki/shop-grid-list.html]
[htmldemo.hasthemes.com/looki/looki/shop-grid-list-left-sidebar.html]
[htmldemo.hasthemes.com/looki/looki/shop-grid-list-right-sidebar.html]
[htmldemo.hasthemes.com/looki/looki/assets/img/testimonial-image/1.png]
[htmldemo.hasthemes.com/looki/looki/assets/img/testimonial-image/2.png]
[htmldemo.hasthemes.com/looki/looki/single-product.html]
[htmldemo.hasthemes.com/looki/looki/single-product-configurable.html]
[htmldemo.hasthemes.com/looki/looki/single-product-affiliate.html]
[htmldemo.hasthemes.com/looki/looki/single-product-group.html]
[htmldemo.hasthemes.com/looki/looki/assets/img/blog-post/5.jpg]
[htmldemo.hasthemes.com/looki/looki/assets/img/blog-post/signature.png]
[htmldemo.hasthemes.com/looki/looki/assets/img/service/1.jpg]
[htmldemo.hasthemes.com/looki/looki/assets/img/service/2.jpg]
[htmldemo.hasthemes.com/looki/looki/assets/img/service/3.jpg]
[htmldemo.hasthemes.com/looki/looki/about-us.html]
[htmldemo.hasthemes.com/looki/looki/cart.html]
[htmldemo.hasthemes.com/looki/looki/checkout.html]
[htmldemo.hasthemes.com/looki/looki/login.html]
[htmldemo.hasthemes.com/looki/looki/login-register.html]
[htmldemo.hasthemes.com/looki/looki/shopping-cart.html]
[htmldemo.hasthemes.com/looki/looki/myaccount.html]
[htmldemo.hasthemes.com/looki/looki/blog-grid-3-column.html]
[htmldemo.hasthemes.com/looki/looki/blog-grid-4-column.html]
[htmldemo.hasthemes.com/looki/looki/blog-grid-left-sidebar.html]
[htmldemo.hasthemes.com/looki/looki/blog-grid-right-sidebar.html]
[htmldemo.hasthemes.com/looki/looki/blog-list-left-sidebar.html]
[htmldemo.hasthemes.com/looki/looki/blog-list-right-sidebar.html]
[htmldemo.hasthemes.com/looki/looki/assets/img/blog-post/large-blog.jpg]
[htmldemo.hasthemes.com/looki/looki/single-blog.html]
[htmldemo.hasthemes.com/looki/looki/blog-single-left-sidebar.html]
[htmldemo.hasthemes.com/looki/looki/blog-single-right-sidebar.html]
[htmldemo.hasthemes.com/looki/looki/contact.html]
[htmldemo.hasthemes.com/looki/looki/assets/fonts/fa-brands-400.svg]
[htmldemo.hasthemes.com/looki/looki/assets/fonts/fa-regular-400.svg]
[htmldemo.hasthemes.com/looki/looki/assets/fonts/fa-solid-900.svg]
[htmldemo.hasthemes.com/looki/looki/assets/fonts/ionicons28b5.svg]
[htmldemo.hasthemes.com/looki/looki/assets/fonts/Simple-Line-Iconsb26c.svg]
[htmldemo.hasthemes.com/looki/looki/assets/css/plugins/images/ui-icons_444444_256x240.html]
[htmldemo.hasthemes.com/looki/looki/assets/css/plugins/images/ui-icons_555555_256x240.html]
[htmldemo.hasthemes.com/looki/looki/assets/css/plugins/images/ui-icons_ffffff_256x240.html]
[htmldemo.hasthemes.com/looki/looki/assets/css/plugins/images/ui-icons_777620_256x240.html]
[htmldemo.hasthemes.com/looki/looki/assets/css/plugins/images/ui-icons_cc0000_256x240.html]
[htmldemo.hasthemes.com/looki/looki/assets/css/plugins/images/ui-icons_777777_256x240.html]
[htmldemo.hasthemes.com/looki/looki/login-register.html]
[htmldemo.hasthemes.com/looki/looki/shopping-cart.html]
